


ARM Macro Assembler    Page 1 


    1 00000000 40023800 
                       RCC     EQU              0x40023800
    2 00000000 40023830 
                       RCC_AHB1ENR
                               EQU              (RCC+0x30)
    3 00000000         
    4 00000000 40021400 
                       GPIOF   EQU              0x40021400
    5 00000000 40021418 
                       GPIOF_BSRR
                               EQU              (GPIOF+0x18)
    6 00000000 40021400 
                       GPIOF_MODER
                               EQU              (GPIOF+0x00)
    7 00000000 40021404 
                       GPIOF_OTYPER
                               EQU              (GPIOF+0x04)
    8 00000000 40021408 
                       GPIOF_OSPEEDR
                               EQU              (GPIOF+0x08)
    9 00000000 40021414 
                       GPIOF_ODR
                               EQU              (GPIOF+0x14)
   10 00000000         
   11 00000000         
   12 00000000                 AREA             LAB, CODE, READONLY
   13 00000000                 EXPORT           beepInit
   14 00000000                 EXPORT           beepOn
   15 00000000                 EXPORT           beepOff
   16 00000000                 ENTRY
   17 00000000         
   18 00000000         
   19 00000000         beepInit
   20 00000000         ;外设时钟使能
   21 00000000 480F            LDR              R0, =RCC_AHB1ENR
   22 00000002 6801            LDR              R1, [R0]
   23 00000004 F041 0124       ORR              R1, #0x24
   24 00000008 6001            STR              R1, [R0]
   25 0000000A         
   26 0000000A         ;设置通用模式
   27 0000000A 480E            LDR              R0, =GPIOF_MODER
   28 0000000C F44F 1188       LDR              R1, =0x110000
   29 00000010 6001            STR              R1, [R0]
   30 00000012         
   31 00000012         ;设置推挽输出
   32 00000012 480D            LDR              R0, =GPIOF_OTYPER
   33 00000014 F46F 61A0       LDR              R1, =0xFFFFFAFF
   34 00000018 6001            STR              R1, [R0]
   35 0000001A         
   36 0000001A         ;设置中速
   37 0000001A 480C            LDR              R0, =GPIOF_OSPEEDR
   38 0000001C F44F 1188       LDR              R1, =0x110000
   39 00000020 6001            STR              R1, [R0]
   40 00000022         
   41 00000022         ;复位
   42 00000022 480B            LDR              R0, =GPIOF_BSRR
   43 00000024 F04F 0100       MOV              R1, #0
   44 00000028 6001            STR              R1, [R0]
   45 0000002A         



ARM Macro Assembler    Page 2 


   46 0000002A         ;初始化完成
   47 0000002A 4770            BX               LR
   48 0000002C         
   49 0000002C         beepOn
   50 0000002C 4809            LDR              R0, =GPIOF_ODR
   51 0000002E F44F 7180       LDR              R1, =0X100
   52 00000032 6001            STR              R1, [R0]
   53 00000034 4770            BX               LR
   54 00000036         
   55 00000036         beepOff
   56 00000036 4807            LDR              R0, =GPIOF_ODR
   57 00000038 F04F 0100       LDR              R1, =0      ;TODO
   58 0000003C 6001            STR              R1, [R0]
   59 0000003E 4770            BX               LR
   60 00000040         
   61 00000040                 END
              40023830 
              40021400 
              40021404 
              40021408 
              40021418 
              40021414 
Command Line: --debug --xref --diag_suppress=9931 --cpu=Cortex-M4.fp --apcs=int
erwork --depend=.\objects\beep.d -o.\objects\beep.o -I.\RTE\_Target_1 -IC:\Prog
ram1\Keli\ARM\PACK\ARM\CMSIS\5.9.0\CMSIS\Core\Include -IC:\Program1\Keli\ARM\PA
CK\Keil\STM32F4xx_DFP\2.3.0\Drivers\CMSIS\Device\ST\STM32F4xx\Include --predefi
ne="__UVISION_VERSION SETA 523" --predefine="_RTE_ SETA 1" --predefine="STM32F4
07xx SETA 1" --list=.\listings\beep.lst beep.s



ARM Macro Assembler    Page 1 Alphabetic symbol ordering
Relocatable symbols

LAB 00000000

Symbol: LAB
   Definitions
      At line 12 in file beep.s
   Uses
      None
Comment: LAB unused
beepInit 00000000

Symbol: beepInit
   Definitions
      At line 19 in file beep.s
   Uses
      At line 13 in file beep.s
Comment: beepInit used once
beepOff 00000036

Symbol: beepOff
   Definitions
      At line 55 in file beep.s
   Uses
      At line 15 in file beep.s
Comment: beepOff used once
beepOn 0000002C

Symbol: beepOn
   Definitions
      At line 49 in file beep.s
   Uses
      At line 14 in file beep.s
Comment: beepOn used once
4 symbols



ARM Macro Assembler    Page 1 Alphabetic symbol ordering
Absolute symbols

GPIOF 40021400

Symbol: GPIOF
   Definitions
      At line 4 in file beep.s
   Uses
      At line 5 in file beep.s
      At line 6 in file beep.s
      At line 7 in file beep.s
      At line 8 in file beep.s
      At line 9 in file beep.s

GPIOF_BSRR 40021418

Symbol: GPIOF_BSRR
   Definitions
      At line 5 in file beep.s
   Uses
      At line 42 in file beep.s
Comment: GPIOF_BSRR used once
GPIOF_MODER 40021400

Symbol: GPIOF_MODER
   Definitions
      At line 6 in file beep.s
   Uses
      At line 27 in file beep.s
Comment: GPIOF_MODER used once
GPIOF_ODR 40021414

Symbol: GPIOF_ODR
   Definitions
      At line 9 in file beep.s
   Uses
      At line 50 in file beep.s
      At line 56 in file beep.s

GPIOF_OSPEEDR 40021408

Symbol: GPIOF_OSPEEDR
   Definitions
      At line 8 in file beep.s
   Uses
      At line 37 in file beep.s
Comment: GPIOF_OSPEEDR used once
GPIOF_OTYPER 40021404

Symbol: GPIOF_OTYPER
   Definitions
      At line 7 in file beep.s
   Uses
      At line 32 in file beep.s
Comment: GPIOF_OTYPER used once
RCC 40023800

Symbol: RCC
   Definitions
      At line 1 in file beep.s
   Uses



ARM Macro Assembler    Page 2 Alphabetic symbol ordering
Absolute symbols

      At line 2 in file beep.s
Comment: RCC used once
RCC_AHB1ENR 40023830

Symbol: RCC_AHB1ENR
   Definitions
      At line 2 in file beep.s
   Uses
      At line 21 in file beep.s
Comment: RCC_AHB1ENR used once
8 symbols
348 symbols in table
